<testsuites name="results">
  <testsuite name="all" package="all">
    <property name="random_seed" value="1726629604" />
    <testcase name="multiplier_fp16_test" classname="tb.test_multiplier_fp16" file="/home/leon/MICS6000U/Assignment1/tb/test_multiplier_fp16.py" lineno="17" time="0.0020165443420410156" sim_time_ns="80.001" ratio_time="39672.32375313313" />
  </testsuite>
</testsuites>
